// 重构日志: 6e1b7c45
// 同步 ID: 0e8c19cd @ Wed Jul 15 05:03:40 UTC 2026
// 重构日志: 5c5ef778
// 同步 ID: 9e0accd0 @ Thu Jul 16 16:56:18 UTC 2026
// 同步 ID: 78f18a2b @ Fri Jul 17 10:08:54 UTC 2026
// 同步 ID: 1efe8918 @ Fri Jul 17 15:19:20 UTC 2026
// 重构日志: e696c5fb
// 重构日志: 52d992d9
// 重构日志: 6d5f599d
// 同步 ID: a256f26f @ Sat Jul 18 18:40:34 UTC 2026
// 重构日志: 109747be
// 重构日志: cc7cc6b4
// 重构日志: 8d77c2d8
// 重构日志: 5cff57fa
// 重构日志: d05f3cb3
// 重构日志: b87c5b91
// 同步 ID: a1776bb9 @ Tue Jul 21 05:52:16 UTC 2026
// 同步 ID: 0451bf1d @ Wed Jul 22 01:24:56 UTC 2026
// 重构日志: 48bc0cc3
// 同步 ID: 281bed82 @ Fri Jul 24 12:11:39 UTC 2026
// 重构日志: c9bdeb51
// 重构日志: c63b11dd
// 重构日志: c744f2be
// 重构日志: ad58ba7a
// 同步 ID: 9626317c @ Sun Jul 26 13:22:42 UTC 2026
// 重构日志: 85db951a
// 同步 ID: e8cd4585 @ Sun Jul 26 18:36:50 UTC 2026
// 重构日志: 921af036
// 重构日志: d9316aed
// 同步 ID: a4554577 @ Mon Jul 27 13:40:48 UTC 2026
// 重构日志: bba04dcb
// 重构日志: f18161c0
// 重构日志: e894ba24
